> # HW_10.R Multiple Testing
> # Load package and meatspec dataset
> library(faraway)
> data(meatspec)
> head(meatspec)
       V1      V2      V3      V4      V5      V6      V7      V8      V9     V10     V11     V12     V13     V14     V15     V16
1 2.61776 2.61814 2.61859 2.61912 2.61981 2.62071 2.62186 2.62334 2.62511 2.62722 2.62964 2.63245 2.63565 2.63933 2.64353 2.64825
2 2.83454 2.83871 2.84283 2.84705 2.85138 2.85587 2.86060 2.86566 2.87093 2.87661 2.88264 2.88898 2.89577 2.90308 2.91097 2.91953
3 2.58284 2.58458 2.58629 2.58808 2.58996 2.59192 2.59401 2.59627 2.59873 2.60131 2.60414 2.60714 2.61029 2.61361 2.61714 2.62089
4 2.82286 2.82460 2.82630 2.82814 2.83001 2.83192 2.83392 2.83606 2.83842 2.84097 2.84374 2.84664 2.84975 2.85307 2.85661 2.86038
5 2.78813 2.78989 2.79167 2.79350 2.79538 2.79746 2.79984 2.80254 2.80553 2.80890 2.81272 2.81704 2.82184 2.82710 2.83294 2.83945
6 3.00993 3.01540 3.02086 3.02634 3.03190 3.03756 3.04341 3.04955 3.05599 3.06274 3.06982 3.07724 3.08511 3.09343 3.10231 3.11185
      V17     V18     V19     V20     V21     V22     V23     V24     V25     V26     V27     V28     V29     V30     V31     V32
1 2.65350 2.65937 2.66585 2.67281 2.68008 2.68733 2.69427 2.70073 2.70684 2.71281 2.71914 2.72628 2.73462 2.74416 2.75466 2.76568
2 2.92873 2.93863 2.94929 2.96072 2.97272 2.98493 2.99690 3.00833 3.01920 3.02990 3.04101 3.05345 3.06777 3.08416 3.10221 3.12106
3 2.62486 2.62909 2.63361 2.63835 2.64330 2.64838 2.65354 2.65870 2.66375 2.66880 2.67383 2.67892 2.68411 2.68937 2.69470 2.70012
4 2.86437 2.86860 2.87308 2.87789 2.88301 2.88832 2.89374 2.89917 2.90457 2.90991 2.91521 2.92043 2.92565 2.93082 2.93604 2.94128
5 2.84664 2.85458 2.86331 2.87280 2.88291 2.89335 2.90374 2.91371 2.92305 2.93187 2.94060 2.94986 2.96035 2.97241 2.98606 3.00097
6 3.12205 3.13294 3.14457 3.15703 3.17038 3.18429 3.19840 3.21225 3.22552 3.23827 3.25084 3.26393 3.27851 3.29514 3.31401 3.33458
      V33     V34     V35     V36     V37     V38     V39     V40     V41     V42     V43     V44     V45     V46     V47     V48
1 2.77679 2.78790 2.79949 2.81225 2.82706 2.84356 2.86106 2.87857 2.89497 2.90924 2.92085 2.93015 2.93846 2.94771 2.96019 2.97831
2 3.13983 3.15810 3.17623 3.19519 3.21584 3.23747 3.25889 3.27835 3.29384 3.30362 3.30681 3.30393 3.29700 3.28925 3.28409 3.28505
3 2.70563 2.71141 2.71775 2.72490 2.73344 2.74327 2.75433 2.76642 2.77931 2.79272 2.80649 2.82064 2.83541 2.85121 2.86872 2.88905
4 2.94658 2.95202 2.95777 2.96419 2.97159 2.98045 2.99090 3.00284 3.01611 3.03048 3.04579 3.06194 3.07889 3.09686 3.11629 3.13775
5 3.01652 3.03220 3.04793 3.06413 3.08153 3.10078 3.12185 3.14371 3.16510 3.18470 3.20140 3.21477 3.22544 3.23505 3.24586 3.26027
6 3.35591 3.37709 3.39772 3.41828 3.43974 3.46266 3.48663 3.51002 3.53087 3.54711 3.55699 3.55986 3.55656 3.54937 3.54169 3.53692
      V49     V50     V51     V52     V53     V54     V55     V56     V57     V58     V59     V60     V61     V62     V63     V64
1 3.00306 3.03506 3.07428 3.11963 3.16868 3.21771 3.26254 3.29988 3.32847 3.34899 3.36342 3.37379 3.38152 3.38741 3.39164 3.39418
2 3.29326 3.30923 3.33267 3.36251 3.39661 3.43188 3.46492 3.49295 3.51458 3.53004 3.54067 3.54797 3.55306 3.55675 3.55921 3.56045
3 2.91289 2.94088 2.97325 3.00946 3.04780 3.08554 3.11947 3.14696 3.16677 3.17938 3.18631 3.18924 3.18950 3.18801 3.18498 3.18039
4 3.16217 3.19068 3.22376 3.26172 3.30379 3.34793 3.39093 3.42920 3.45998 3.48227 3.49687 3.50558 3.51026 3.51221 3.51215 3.51036
5 3.28063 3.30889 3.34543 3.39019 3.44198 3.49800 3.55407 3.60534 3.64789 3.68011 3.70272 3.71815 3.72863 3.73574 3.74059 3.74357
6 3.53823 3.54760 3.56512 3.59043 3.62229 3.65830 3.69515 3.72932 3.75803 3.78003 3.79560 3.80614 3.81313 3.81774 3.82079 3.82258
      V65     V66     V67     V68     V69     V70     V71     V72     V73     V74     V75     V76     V77     V78     V79     V80
1 3.39490 3.39366 3.39045 3.38541 3.37869 3.37041 3.36073 3.34979 3.33769 3.32443 3.31013 3.29487 3.27891 3.26232 3.24542 3.22828
2 3.56034 3.55876 3.55571 3.55132 3.54585 3.53950 3.53235 3.52442 3.51583 3.50668 3.49700 3.48683 3.47626 3.46552 3.45501 3.44481
3 3.17411 3.16611 3.15641 3.14512 3.13241 3.11843 3.10329 3.08714 3.07014 3.05237 3.03393 3.01504 2.99569 2.97612 2.95642 2.93660
4 3.50682 3.50140 3.49398 3.48457 3.47333 3.46041 3.44595 3.43005 3.41285 3.39450 3.37511 3.35482 3.33376 3.31204 3.28986 3.26730
5 3.74453 3.74336 3.73991 3.73418 3.72638 3.71676 3.70553 3.69289 3.67900 3.66396 3.64785 3.63085 3.61305 3.59463 3.57582 3.55695
6 3.82301 3.82206 3.81959 3.81557 3.81021 3.80375 3.79642 3.78835 3.77958 3.77024 3.76040 3.75005 3.73929 3.72831 3.71738 3.70681
      V81     V82     V83     V84     V85     V86     V87     V88     V89     V90     V91     V92     V93     V94     V95     V96
1 3.21080 3.19287 3.17433 3.15503 3.13475 3.11339 3.09116 3.06850 3.04596 3.02393 3.00247 2.98145 2.96072 2.94013 2.91978 2.89966
2 3.43477 3.42465 3.41419 3.40303 3.39082 3.37731 3.36265 3.34745 3.33245 3.31818 3.30473 3.29186 3.27921 3.26655 3.25369 3.24045
3 2.91667 2.89655 2.87622 2.85563 2.83474 2.81361 2.79235 2.77113 2.75015 2.72956 2.70934 2.68951 2.67009 2.65112 2.63262 2.61461
4 3.24442 3.22117 3.19757 3.17357 3.14915 3.12429 3.09908 3.07366 3.04825 3.02308 2.99820 2.97367 2.94951 2.92576 2.90251 2.87988
5 3.53796 3.51880 3.49936 3.47938 3.45869 3.43711 3.41458 3.39129 3.36772 3.34450 3.32201 3.30025 3.27907 3.25831 3.23784 3.21765
6 3.69664 3.68659 3.67649 3.66611 3.65503 3.64283 3.62938 3.61483 3.59990 3.58535 3.57163 3.55877 3.54651 3.53442 3.52221 3.50972
      V97     V98     V99    V100  fat
1 2.87964 2.85960 2.83940 2.81920 22.5
2 3.22659 3.21181 3.19600 3.17942 40.1
3 2.59718 2.58034 2.56404 2.54816  8.4
4 2.85794 2.83672 2.81617 2.79622  5.9
5 3.19766 3.17770 3.15770 3.13753 25.5
6 3.49682 3.48325 3.46870 3.45307 42.7
> str(meatspec)
'data.frame':	215 obs. of  101 variables:
 $ V1  : num  2.62 2.83 2.58 2.82 2.79 ...
 $ V2  : num  2.62 2.84 2.58 2.82 2.79 ...
 $ V3  : num  2.62 2.84 2.59 2.83 2.79 ...
 $ V4  : num  2.62 2.85 2.59 2.83 2.79 ...
 $ V5  : num  2.62 2.85 2.59 2.83 2.8 ...
 $ V6  : num  2.62 2.86 2.59 2.83 2.8 ...
 $ V7  : num  2.62 2.86 2.59 2.83 2.8 ...
 $ V8  : num  2.62 2.87 2.6 2.84 2.8 ...
 $ V9  : num  2.63 2.87 2.6 2.84 2.81 ...
 $ V10 : num  2.63 2.88 2.6 2.84 2.81 ...
 $ V11 : num  2.63 2.88 2.6 2.84 2.81 ...
 $ V12 : num  2.63 2.89 2.61 2.85 2.82 ...
 $ V13 : num  2.64 2.9 2.61 2.85 2.82 ...
 $ V14 : num  2.64 2.9 2.61 2.85 2.83 ...
 $ V15 : num  2.64 2.91 2.62 2.86 2.83 ...
 $ V16 : num  2.65 2.92 2.62 2.86 2.84 ...
 $ V17 : num  2.65 2.93 2.62 2.86 2.85 ...
 $ V18 : num  2.66 2.94 2.63 2.87 2.85 ...
 $ V19 : num  2.67 2.95 2.63 2.87 2.86 ...
 $ V20 : num  2.67 2.96 2.64 2.88 2.87 ...
 $ V21 : num  2.68 2.97 2.64 2.88 2.88 ...
 $ V22 : num  2.69 2.98 2.65 2.89 2.89 ...
 $ V23 : num  2.69 3 2.65 2.89 2.9 ...
 $ V24 : num  2.7 3.01 2.66 2.9 2.91 ...
 $ V25 : num  2.71 3.02 2.66 2.9 2.92 ...
 $ V26 : num  2.71 3.03 2.67 2.91 2.93 ...
 $ V27 : num  2.72 3.04 2.67 2.92 2.94 ...
 $ V28 : num  2.73 3.05 2.68 2.92 2.95 ...
 $ V29 : num  2.73 3.07 2.68 2.93 2.96 ...
 $ V30 : num  2.74 3.08 2.69 2.93 2.97 ...
 $ V31 : num  2.75 3.1 2.69 2.94 2.99 ...
 $ V32 : num  2.77 3.12 2.7 2.94 3 ...
 $ V33 : num  2.78 3.14 2.71 2.95 3.02 ...
 $ V34 : num  2.79 3.16 2.71 2.95 3.03 ...
 $ V35 : num  2.8 3.18 2.72 2.96 3.05 ...
 $ V36 : num  2.81 3.2 2.72 2.96 3.06 ...
 $ V37 : num  2.83 3.22 2.73 2.97 3.08 ...
 $ V38 : num  2.84 3.24 2.74 2.98 3.1 ...
 $ V39 : num  2.86 3.26 2.75 2.99 3.12 ...
 $ V40 : num  2.88 3.28 2.77 3 3.14 ...
 $ V41 : num  2.89 3.29 2.78 3.02 3.17 ...
 $ V42 : num  2.91 3.3 2.79 3.03 3.18 ...
 $ V43 : num  2.92 3.31 2.81 3.05 3.2 ...
 $ V44 : num  2.93 3.3 2.82 3.06 3.21 ...
 $ V45 : num  2.94 3.3 2.84 3.08 3.23 ...
 $ V46 : num  2.95 3.29 2.85 3.1 3.24 ...
 $ V47 : num  2.96 3.28 2.87 3.12 3.25 ...
 $ V48 : num  2.98 3.29 2.89 3.14 3.26 ...
 $ V49 : num  3 3.29 2.91 3.16 3.28 ...
 $ V50 : num  3.04 3.31 2.94 3.19 3.31 ...
 $ V51 : num  3.07 3.33 2.97 3.22 3.35 ...
 $ V52 : num  3.12 3.36 3.01 3.26 3.39 ...
 $ V53 : num  3.17 3.4 3.05 3.3 3.44 ...
 $ V54 : num  3.22 3.43 3.09 3.35 3.5 ...
 $ V55 : num  3.26 3.46 3.12 3.39 3.55 ...
 $ V56 : num  3.3 3.49 3.15 3.43 3.61 ...
 $ V57 : num  3.33 3.51 3.17 3.46 3.65 ...
 $ V58 : num  3.35 3.53 3.18 3.48 3.68 ...
 $ V59 : num  3.36 3.54 3.19 3.5 3.7 ...
 $ V60 : num  3.37 3.55 3.19 3.51 3.72 ...
 $ V61 : num  3.38 3.55 3.19 3.51 3.73 ...
 $ V62 : num  3.39 3.56 3.19 3.51 3.74 ...
 $ V63 : num  3.39 3.56 3.18 3.51 3.74 ...
 $ V64 : num  3.39 3.56 3.18 3.51 3.74 ...
 $ V65 : num  3.39 3.56 3.17 3.51 3.74 ...
 $ V66 : num  3.39 3.56 3.17 3.5 3.74 ...
 $ V67 : num  3.39 3.56 3.16 3.49 3.74 ...
 $ V68 : num  3.39 3.55 3.15 3.48 3.73 ...
 $ V69 : num  3.38 3.55 3.13 3.47 3.73 ...
 $ V70 : num  3.37 3.54 3.12 3.46 3.72 ...
 $ V71 : num  3.36 3.53 3.1 3.45 3.71 ...
 $ V72 : num  3.35 3.52 3.09 3.43 3.69 ...
 $ V73 : num  3.34 3.52 3.07 3.41 3.68 ...
 $ V74 : num  3.32 3.51 3.05 3.39 3.66 ...
 $ V75 : num  3.31 3.5 3.03 3.38 3.65 ...
 $ V76 : num  3.29 3.49 3.02 3.35 3.63 ...
 $ V77 : num  3.28 3.48 3 3.33 3.61 ...
 $ V78 : num  3.26 3.47 2.98 3.31 3.59 ...
 $ V79 : num  3.25 3.46 2.96 3.29 3.58 ...
 $ V80 : num  3.23 3.44 2.94 3.27 3.56 ...
 $ V81 : num  3.21 3.43 2.92 3.24 3.54 ...
 $ V82 : num  3.19 3.42 2.9 3.22 3.52 ...
 $ V83 : num  3.17 3.41 2.88 3.2 3.5 ...
 $ V84 : num  3.16 3.4 2.86 3.17 3.48 ...
 $ V85 : num  3.13 3.39 2.83 3.15 3.46 ...
 $ V86 : num  3.11 3.38 2.81 3.12 3.44 ...
 $ V87 : num  3.09 3.36 2.79 3.1 3.41 ...
 $ V88 : num  3.07 3.35 2.77 3.07 3.39 ...
 $ V89 : num  3.05 3.33 2.75 3.05 3.37 ...
 $ V90 : num  3.02 3.32 2.73 3.02 3.34 ...
 $ V91 : num  3 3.3 2.71 3 3.32 ...
 $ V92 : num  2.98 3.29 2.69 2.97 3.3 ...
 $ V93 : num  2.96 3.28 2.67 2.95 3.28 ...
 $ V94 : num  2.94 3.27 2.65 2.93 3.26 ...
 $ V95 : num  2.92 3.25 2.63 2.9 3.24 ...
 $ V96 : num  2.9 3.24 2.61 2.88 3.22 ...
 $ V97 : num  2.88 3.23 2.6 2.86 3.2 ...
 $ V98 : num  2.86 3.21 2.58 2.84 3.18 ...
 $ V99 : num  2.84 3.2 2.56 2.82 3.16 ...
  [list output truncated]
> 
> bh_fdr <- 0.2
> 
> # Do linear regression on meatspec
> lmod <- lm(fat ~ ., data=meatspec)
> summary(lmod)

Call:
lm(formula = fat ~ ., data = meatspec)

Residuals:
    Min      1Q  Median      3Q     Max 
-2.9833 -0.4982  0.0135  0.4864  3.1727 

Coefficients:
              Estimate Std. Error t value Pr(>|t|)    
(Intercept)      7.302      1.876   3.892 0.000168 ***
V1           10898.047   3003.614   3.628 0.000428 ***
V2          -12174.864   5520.233  -2.205 0.029426 *  
V3           -5953.285   8868.517  -0.671 0.503398    
V4           23229.862  15426.530   1.506 0.134875    
V5          -28386.219  19758.501  -1.437 0.153554    
V6           12748.270  17381.421   0.733 0.464794    
V7          -11422.335  11454.169  -0.997 0.320769    
V8            7102.332   7123.935   0.997 0.320892    
V9             783.655   5228.808   0.150 0.881130    
V10           3512.239   6787.803   0.517 0.605856    
V11         -10547.574  10580.407  -0.997 0.320926    
V12          34638.288  18344.772   1.888 0.061543 .  
V13         -38705.447  23098.395  -1.676 0.096542 .  
V14          28895.947  19952.355   1.448 0.150293    
V15         -13726.347  13312.307  -1.031 0.304676    
V16          -7062.769   8172.878  -0.864 0.389308    
V17           2571.597   6279.661   0.410 0.682932    
V18           5263.427   6183.397   0.851 0.396432    
V19           8860.827   8925.154   0.993 0.322914    
V20         -12149.937  15184.189  -0.800 0.425276    
V21         -19284.872  20536.132  -0.939 0.349680    
V22          36626.953  22847.592   1.603 0.111680    
V23         -11165.390  19302.712  -0.578 0.564111    
V24         -15008.939  13616.072  -1.102 0.272655    
V25          16698.992   8582.462   1.946 0.054151 .  
V26          -4891.852   5901.456  -0.829 0.408880    
V27          -6334.752   6072.685  -1.043 0.299084    
V28          24043.786   8144.906   2.952 0.003834 ** 
V29         -39940.900  12335.575  -3.238 0.001578 ** 
V30          33309.092  17674.622   1.885 0.062034 .  
V31         -23174.509  20974.708  -1.105 0.271539    
V32          18764.305  18959.821   0.990 0.324423    
V33          -3747.892  13458.994  -0.278 0.781158    
V34          -6671.747   9353.448  -0.713 0.477122    
V35          -5318.549   7534.861  -0.706 0.481716    
V36          10488.898   5773.159   1.817 0.071869 .  
V37          -8410.539   5892.265  -1.427 0.156202    
V38           -408.228   7970.269  -0.051 0.959241    
V39          19815.971  11338.219   1.748 0.083206 .  
V40         -23690.179  15971.026  -1.483 0.140748    
V41          29398.659  19340.032   1.520 0.131256    
V42         -32055.252  20639.448  -1.553 0.123170    
V43          11826.000  17491.895   0.676 0.500356    
V44          -9994.257  11435.392  -0.874 0.383969    
V45          23017.798   8927.175   2.578 0.011200 *  
V46          -9041.633   6218.630  -1.454 0.148705    
V47          -4846.799   3520.124  -1.377 0.171246    
V48           1536.042   4401.789   0.349 0.727764    
V49           2188.418   7363.225   0.297 0.766848    
V50         -13170.870   9829.843  -1.340 0.182947    
V51          26420.737  13371.372   1.976 0.050580 .  
V52         -23565.834  16339.395  -1.442 0.151968    
V53          -2005.210  16742.496  -0.120 0.904878    
V54          30327.413  14023.378   2.163 0.032658 *  
V55         -31802.344  10650.780  -2.986 0.003461 ** 
V56          12428.271   6395.916   1.943 0.054463 .  
V57           -102.107   4676.993  -0.022 0.982620    
V58            210.251   4388.133   0.048 0.961869    
V59          -7679.011   4511.526  -1.702 0.091465 .  
V60          11590.949   3967.244   2.922 0.004199 ** 
V61          -6559.639   3756.703  -1.746 0.083485 .  
V62           2533.819   3939.248   0.643 0.521370    
V63          11950.924   5296.267   2.256 0.025947 *  
V64         -18515.851   7070.171  -2.619 0.010021 *  
V65           4051.697   8539.248   0.474 0.636066    
V66            222.861   9691.472   0.023 0.981694    
V67          10439.030  10111.231   1.032 0.304061    
V68         -22570.742   9493.417  -2.378 0.019094 *  
V69          17285.149   8168.742   2.116 0.036520 *  
V70            -45.036   7357.838  -0.006 0.995127    
V71          -8134.714   6796.093  -1.197 0.233802    
V72          -1768.780   6344.295  -0.279 0.780905    
V73          15744.948   5531.706   2.846 0.005246 ** 
V74         -11219.545   5666.910  -1.980 0.050132 .  
V75           5289.427   5067.718   1.044 0.298810    
V76          -2454.612   4760.274  -0.516 0.607101    
V77            740.608   4922.688   0.150 0.880677    
V78          -5730.806   5518.607  -1.038 0.301257    
V79          12166.493   6026.835   2.019 0.045863 *  
V80         -22688.979   7023.823  -3.230 0.001616 ** 
V81          14991.763   8595.338   1.744 0.083824 .  
V82           3331.367   9984.910   0.334 0.739264    
V83          -6651.082  11358.746  -0.586 0.559337    
V84          -6752.949  12405.922  -0.544 0.587276    
V85          16271.066  12434.546   1.309 0.193323    
V86           5512.031  13689.180   0.403 0.687955    
V87         -21092.220  15770.171  -1.337 0.183730    
V88           9657.690  15143.593   0.638 0.524921    
V89            273.586  13103.448   0.021 0.983379    
V90          -5489.915  13927.199  -0.394 0.694180    
V91           2891.941  15479.740   0.187 0.852133    
V92          10160.850  14407.777   0.705 0.482103    
V93          -3183.235  11882.686  -0.268 0.789269    
V94          -7330.650  10959.287  -0.669 0.504913    
V95           5551.521   9450.485   0.587 0.558075    
V96          -3320.415   8349.562  -0.398 0.691613    
V97          -2512.787   7974.922  -0.315 0.753272    
V98          -5979.563   7355.289  -0.813 0.417935    
V99           8283.253   7911.765   1.047 0.297336    
V100          -101.926   3591.166  -0.028 0.977407    
---
Signif. codes:  0 ‘***’ 0.001 ‘**’ 0.01 ‘*’ 0.05 ‘.’ 0.1 ‘ ’ 1

Residual standard error: 1.22 on 114 degrees of freedom
Multiple R-squared:  0.9951,	Adjusted R-squared:  0.9908 
F-statistic:   232 on 100 and 114 DF,  p-value: < 2.2e-16

> anova(lmod)
Analysis of Variance Table

Response: fat
           Df Sum Sq Mean Sq   F value    Pr(>F)    
V1          1 4735.1  4735.1 3178.7912 < 2.2e-16 ***
V2          1 1766.3  1766.3 1185.7593 < 2.2e-16 ***
V3          1 6594.2  6594.2 4426.8782 < 2.2e-16 ***
V4          1 5015.0  5015.0 3366.7081 < 2.2e-16 ***
V5          1 4325.9  4325.9 2904.0823 < 2.2e-16 ***
V6          1 3501.3  3501.3 2350.5274 < 2.2e-16 ***
V7          1 1377.1  1377.1  924.5099 < 2.2e-16 ***
V8          1  910.8   910.8  611.4802 < 2.2e-16 ***
V9          1  114.5   114.5   76.8558 2.032e-14 ***
V10         1  361.1   361.1  242.4481 < 2.2e-16 ***
V11         1   22.4    22.4   15.0691 0.0001741 ***
V12         1    8.1     8.1    5.4296 0.0215577 *  
V13         1  113.2   113.2   75.9915 2.641e-14 ***
V14         1  429.1   429.1  288.0850 < 2.2e-16 ***
V15         1   17.8    17.8   11.9402 0.0007725 ***
V16         1  666.3   666.3  447.2878 < 2.2e-16 ***
V17         1   34.8    34.8   23.3470 4.251e-06 ***
V18         1  223.0   223.0  149.6923 < 2.2e-16 ***
V19         1  808.3   808.3  542.6219 < 2.2e-16 ***
V20         1  287.2   287.2  192.7785 < 2.2e-16 ***
V21         1  468.0   468.0  314.2105 < 2.2e-16 ***
V22         1   81.7    81.7   54.8169 2.456e-11 ***
V23         1   55.3    55.3   37.1412 1.532e-08 ***
V24         1  196.2   196.2  131.6908 < 2.2e-16 ***
V25         1    5.4     5.4    3.6363 0.0590488 .  
V26         1   62.9    62.9   42.2283 2.220e-09 ***
V27         1  135.6   135.6   91.0593 3.241e-16 ***
V28         1  443.3   443.3  297.6320 < 2.2e-16 ***
V29         1  213.0   213.0  143.0111 < 2.2e-16 ***
V30         1   47.1    47.1   31.5970 1.366e-07 ***
V31         1    6.1     6.1    4.1000 0.0452199 *  
V32         1  141.9   141.9   95.2342 < 2.2e-16 ***
V33         1    3.2     3.2    2.1672 0.1437336    
V34         1    4.9     4.9    3.3226 0.0709543 .  
V35         1  205.5   205.5  137.9481 < 2.2e-16 ***
V36         1   25.2    25.2   16.9109 7.422e-05 ***
V37         1    4.5     4.5    3.0491 0.0834749 .  
V38         1   72.0    72.0   48.3077 2.407e-10 ***
V39         1   86.0    86.0   57.7291 9.112e-12 ***
V40         1   33.3    33.3   22.3351 6.590e-06 ***
V41         1    9.8     9.8    6.5841 0.0115862 *  
V42         1    7.0     7.0    4.6911 0.0324025 *  
V43         1  177.6   177.6  119.2321 < 2.2e-16 ***
V44         1  185.1   185.1  124.2615 < 2.2e-16 ***
V45         1    6.5     6.5    4.3353 0.0395664 *  
V46         1  114.4   114.4   76.7851 2.076e-14 ***
V47         1   12.9    12.9    8.6829 0.0038959 ** 
V48         1   24.6    24.6   16.5047 8.945e-05 ***
V49         1   35.8    35.8   24.0397 3.156e-06 ***
V50         1   56.9    56.9   38.1844 1.025e-08 ***
V51         1    2.9     2.9    1.9355 0.1668715    
V52         1   66.3    66.3   44.5017 9.569e-10 ***
V53         1    0.1     0.1    0.0989 0.7537396    
V54         1   21.4    21.4   14.3351 0.0002457 ***
V55         1    0.5     0.5    0.3343 0.5643070    
V56         1    5.5     5.5    3.7207 0.0562266 .  
V57         1    0.8     0.8    0.5607 0.4555313    
V58         1    8.8     8.8    5.9029 0.0166770 *  
V59         1    3.2     3.2    2.1663 0.1438162    
V60         1    1.7     1.7    1.1303 0.2899632    
V61         1    0.1     0.1    0.0537 0.8171682    
V62         1    1.1     1.1    0.7560 0.3863963    
V63         1    5.6     5.6    3.7928 0.0539325 .  
V64         1    5.7     5.7    3.8007 0.0536886 .  
V65         1   38.5    38.5   25.8690 1.450e-06 ***
V66         1   15.8    15.8   10.6371 0.0014623 ** 
V67         1    2.5     2.5    1.6740 0.1983427    
V68         1    0.5     0.5    0.3157 0.5753339    
V69         1    6.9     6.9    4.6343 0.0334466 *  
V70         1    0.3     0.3    0.2107 0.6470683    
V71         1    5.3     5.3    3.5855 0.0608224 .  
V72         1   16.9    16.9   11.3698 0.0010200 ** 
V73         1    1.6     1.6    1.0988 0.2967517    
V74         1   18.2    18.2   12.2032 0.0006801 ***
V75         1    0.2     0.2    0.1176 0.7322958    
V76         1    0.4     0.4    0.2753 0.6007899    
V77         1    0.0     0.0    0.0014 0.9702653    
V78         1    2.2     2.2    1.4446 0.2318846    
V79         1   12.4    12.4    8.3382 0.0046459 ** 
V80         1    1.1     1.1    0.7451 0.3898473    
V81         1    4.5     4.5    2.9926 0.0863515 .  
V82         1    0.7     0.7    0.4989 0.4814036    
V83         1    2.6     2.6    1.7654 0.1866100    
V84         1   17.5    17.5   11.7589 0.0008437 ***
V85         1    0.1     0.1    0.0390 0.8438774    
V86         1    4.1     4.1    2.7746 0.0985181 .  
V87         1    1.3     1.3    0.8916 0.3470386    
V88         1   12.5    12.5    8.3973 0.0045074 ** 
V89         1    0.0     0.0    0.0201 0.8874757    
V90         1    3.9     3.9    2.6051 0.1092820    
V91         1    1.8     1.8    1.2311 0.2695242    
V92         1    4.4     4.4    2.9358 0.0893565 .  
V93         1    0.3     0.3    0.2015 0.6543863    
V94         1    0.7     0.7    0.4933 0.4838970    
V95         1    2.3     2.3    1.5438 0.2166000    
V96         1    0.1     0.1    0.0943 0.7593445    
V97         1    5.3     5.3    3.5905 0.0606427 .  
V98         1   11.3    11.3    7.6179 0.0067360 ** 
V99         1   12.1    12.1    8.1471 0.0051247 ** 
V100        1    0.0     0.0    0.0008 0.9774069    
Residuals 114  169.8     1.5                        
---
Signif. codes:  0 ‘***’ 0.001 ‘**’ 0.01 ‘*’ 0.05 ‘.’ 0.1 ‘ ’ 1
> 
> # Extract the p-values for coefficients from summary
> p_values <- summary(lmod)$coefficients[, 4]
> 
> # Benjamini-Hochberg
> 
> # Load the stats package for p.adjust function
> adjusted_p <- p.adjust(p_values, n = length(p_values), method = "BH")
> 
> # List the variables with coefficients that are significantly different from 0
> significant_vars <- names(adjusted_p[adjusted_p < bh_fdr])
> significant_vars
 [1] "(Intercept)" "V1"          "V28"         "V29"         "V45"         "V55"         "V60"         "V64"         "V68"        
[10] "V73"         "V80"        
> 
> 